Archive member included because of file (symbol)

/usr/bin/../lib/gcc/arm-none-eabi/4.9.3/armv7e-m/fpu/libgcc.a(unwind-arm.o)
                              ./system/src/newlib/_cxx.o (__aeabi_unwind_cpp_pr1)
/usr/bin/../lib/gcc/arm-none-eabi/4.9.3/armv7e-m/fpu/libgcc.a(libunwind.o)
                              /usr/bin/../lib/gcc/arm-none-eabi/4.9.3/armv7e-m/fpu/libgcc.a(unwind-arm.o) (restore_core_regs)
/usr/bin/../lib/gcc/arm-none-eabi/4.9.3/armv7e-m/fpu/libgcc.a(pr-support.o)
                              /usr/bin/../lib/gcc/arm-none-eabi/4.9.3/armv7e-m/fpu/libgcc.a(unwind-arm.o) (__gnu_unwind_execute)
/usr/bin/../lib/gcc/arm-none-eabi/4.9.3/../../../../arm-none-eabi/lib/armv7e-m/fpu/libg_nano.a(lib_a-errno.o)
                              ./system/src/newlib/_sbrk.o (__errno)
/usr/bin/../lib/gcc/arm-none-eabi/4.9.3/../../../../arm-none-eabi/lib/armv7e-m/fpu/libg_nano.a(lib_a-impure.o)
                              /usr/bin/../lib/gcc/arm-none-eabi/4.9.3/../../../../arm-none-eabi/lib/armv7e-m/fpu/libg_nano.a(lib_a-errno.o) (_impure_ptr)
/usr/bin/../lib/gcc/arm-none-eabi/4.9.3/../../../../arm-none-eabi/lib/armv7e-m/fpu/libg_nano.a(lib_a-init.o)
                              ./system/src/cmsis/startup_stm32f411xe.o (__libc_init_array)
/usr/bin/../lib/gcc/arm-none-eabi/4.9.3/../../../../arm-none-eabi/lib/armv7e-m/fpu/libg_nano.a(lib_a-memcpy.o)
                              ./system/src/FreeRTOS/queue.o (memcpy)
/usr/bin/../lib/gcc/arm-none-eabi/4.9.3/../../../../arm-none-eabi/lib/armv7e-m/fpu/libg_nano.a(lib_a-memset.o)
                              ./system/src/FreeRTOS/cmsis_os.o (memset)
/usr/bin/../lib/gcc/arm-none-eabi/4.9.3/../../../../arm-none-eabi/lib/armv7e-m/fpu/libg_nano.a(lib_a-strlen.o)
                              ./system/src/diag/Trace.o (strlen)
/usr/bin/../lib/gcc/arm-none-eabi/4.9.3/../../../../arm-none-eabi/lib/armv7e-m/fpu/libg_nano.a(lib_a-vsnprintf.o)
                              ./system/src/diag/Trace.o (vsnprintf)
/usr/bin/../lib/gcc/arm-none-eabi/4.9.3/../../../../arm-none-eabi/lib/armv7e-m/fpu/libg_nano.a(lib_a-nano-svfprintf.o)
                              /usr/bin/../lib/gcc/arm-none-eabi/4.9.3/../../../../arm-none-eabi/lib/armv7e-m/fpu/libg_nano.a(lib_a-vsnprintf.o) (_svfprintf_r)
/usr/bin/../lib/gcc/arm-none-eabi/4.9.3/../../../../arm-none-eabi/lib/armv7e-m/fpu/libg_nano.a(lib_a-nano-vfprintf_i.o)
                              /usr/bin/../lib/gcc/arm-none-eabi/4.9.3/../../../../arm-none-eabi/lib/armv7e-m/fpu/libg_nano.a(lib_a-nano-svfprintf.o) (_printf_i)
/usr/bin/../lib/gcc/arm-none-eabi/4.9.3/../../../../arm-none-eabi/lib/armv7e-m/fpu/libg_nano.a(lib_a-memchr.o)
                              /usr/bin/../lib/gcc/arm-none-eabi/4.9.3/../../../../arm-none-eabi/lib/armv7e-m/fpu/libg_nano.a(lib_a-nano-svfprintf.o) (memchr)
/usr/bin/../lib/gcc/arm-none-eabi/4.9.3/../../../../arm-none-eabi/lib/armv7e-m/fpu/libg_nano.a(lib_a-memmove.o)
                              /usr/bin/../lib/gcc/arm-none-eabi/4.9.3/../../../../arm-none-eabi/lib/armv7e-m/fpu/libg_nano.a(lib_a-nano-svfprintf.o) (memmove)
/usr/bin/../lib/gcc/arm-none-eabi/4.9.3/../../../../arm-none-eabi/lib/armv7e-m/fpu/libg_nano.a(lib_a-nano-freer.o)
                              /usr/bin/../lib/gcc/arm-none-eabi/4.9.3/../../../../arm-none-eabi/lib/armv7e-m/fpu/libg_nano.a(lib_a-nano-svfprintf.o) (_free_r)
/usr/bin/../lib/gcc/arm-none-eabi/4.9.3/../../../../arm-none-eabi/lib/armv7e-m/fpu/libg_nano.a(lib_a-nano-mallocr.o)
                              /usr/bin/../lib/gcc/arm-none-eabi/4.9.3/../../../../arm-none-eabi/lib/armv7e-m/fpu/libg_nano.a(lib_a-nano-svfprintf.o) (_malloc_r)
/usr/bin/../lib/gcc/arm-none-eabi/4.9.3/../../../../arm-none-eabi/lib/armv7e-m/fpu/libg_nano.a(lib_a-nano-reallocr.o)
                              /usr/bin/../lib/gcc/arm-none-eabi/4.9.3/../../../../arm-none-eabi/lib/armv7e-m/fpu/libg_nano.a(lib_a-nano-svfprintf.o) (_realloc_r)
/usr/bin/../lib/gcc/arm-none-eabi/4.9.3/../../../../arm-none-eabi/lib/armv7e-m/fpu/libg_nano.a(lib_a-sbrkr.o)
                              /usr/bin/../lib/gcc/arm-none-eabi/4.9.3/../../../../arm-none-eabi/lib/armv7e-m/fpu/libg_nano.a(lib_a-nano-mallocr.o) (_sbrk_r)
/usr/bin/../lib/gcc/arm-none-eabi/4.9.3/../../../../arm-none-eabi/lib/armv7e-m/fpu/libg_nano.a(lib_a-nano-msizer.o)
                              /usr/bin/../lib/gcc/arm-none-eabi/4.9.3/../../../../arm-none-eabi/lib/armv7e-m/fpu/libg_nano.a(lib_a-nano-reallocr.o) (_malloc_usable_size_r)

Allocating common symbols
Common symbol       size              file

defaultTaskHandle   0x4               ./src/main.o
blinkTaskHandle     0x4               ./src/main.o
errno               0x4               ./system/src/newlib/_syscalls.o
xQueueRegistry      0x40              ./system/src/FreeRTOS/queue.o
pFlash              0x20              ./system/src/stm32f411/stm32f4xx_hal_flash.o
semHandle           0x4               ./src/main.o

Discarded input sections

[...]
Memory Configuration

Name             Origin             Length             Attributes
FLASH            0x08000000         0x00080000         xr
RAM              0x20000000         0x00020000         xrw
CCMRAM           0x10000000         0x00000000         xrw
FLASHB1          0x00000000         0x00000000         xr
EXTMEMB0         0x00000000         0x00000000         xr
EXTMEMB1         0x00000000         0x00000000         xr
EXTMEMB2         0x00000000         0x00000000         xr
EXTMEMB3         0x00000000         0x00000000         xr
*default*        0x00000000         0xffffffff

Linker script and memory map

LOAD ./system/src/stm32f411/stm32f4xx_hal.o
LOAD ./system/src/stm32f411/stm32f4xx_hal_adc.o
LOAD ./system/src/stm32f411/stm32f4xx_hal_adc_ex.o
LOAD ./system/src/stm32f411/stm32f4xx_hal_can.o
LOAD ./system/src/stm32f411/stm32f4xx_hal_cec.o
LOAD ./system/src/stm32f411/stm32f4xx_hal_cortex.o
LOAD ./system/src/stm32f411/stm32f4xx_hal_crc.o
LOAD ./system/src/stm32f411/stm32f4xx_hal_cryp.o
LOAD ./system/src/stm32f411/stm32f4xx_hal_cryp_ex.o
LOAD ./system/src/stm32f411/stm32f4xx_hal_dac.o
LOAD ./system/src/stm32f411/stm32f4xx_hal_dac_ex.o
LOAD ./system/src/stm32f411/stm32f4xx_hal_dcmi.o
LOAD ./system/src/stm32f411/stm32f4xx_hal_dcmi_ex.o
LOAD ./system/src/stm32f411/stm32f4xx_hal_dma.o
LOAD ./system/src/stm32f411/stm32f4xx_hal_dma2d.o
LOAD ./system/src/stm32f411/stm32f4xx_hal_dma_ex.o
LOAD ./system/src/stm32f411/stm32f4xx_hal_eth.o
LOAD ./system/src/stm32f411/stm32f4xx_hal_flash.o
LOAD ./system/src/stm32f411/stm32f4xx_hal_flash_ex.o
LOAD ./system/src/stm32f411/stm32f4xx_hal_flash_ramfunc.o
LOAD ./system/src/stm32f411/stm32f4xx_hal_fmpi2c.o
LOAD ./system/src/stm32f411/stm32f4xx_hal_fmpi2c_ex.o
LOAD ./system/src/stm32f411/stm32f4xx_hal_gpio.o
LOAD ./system/src/stm32f411/stm32f4xx_hal_hash.o
LOAD ./system/src/stm32f411/stm32f4xx_hal_hash_ex.o
LOAD ./system/src/stm32f411/stm32f4xx_hal_hcd.o
LOAD ./system/src/stm32f411/stm32f4xx_hal_i2c.o
LOAD ./system/src/stm32f411/stm32f4xx_hal_i2c_ex.o
LOAD ./system/src/stm32f411/stm32f4xx_hal_i2s.o
LOAD ./system/src/stm32f411/stm32f4xx_hal_i2s_ex.o
LOAD ./system/src/stm32f411/stm32f4xx_hal_irda.o
LOAD ./system/src/stm32f411/stm32f4xx_hal_iwdg.o
LOAD ./system/src/stm32f411/stm32f4xx_hal_ltdc.o
LOAD ./system/src/stm32f411/stm32f4xx_hal_nand.o
LOAD ./system/src/stm32f411/stm32f4xx_hal_nor.o
LOAD ./system/src/stm32f411/stm32f4xx_hal_pccard.o
LOAD ./system/src/stm32f411/stm32f4xx_hal_pcd.o
LOAD ./system/src/stm32f411/stm32f4xx_hal_pcd_ex.o
LOAD ./system/src/stm32f411/stm32f4xx_hal_pwr.o
LOAD ./system/src/stm32f411/stm32f4xx_hal_pwr_ex.o
LOAD ./system/src/stm32f411/stm32f4xx_hal_qspi.o
LOAD ./system/src/stm32f411/stm32f4xx_hal_rcc.o
LOAD ./system/src/stm32f411/stm32f4xx_hal_rcc_ex.o
LOAD ./system/src/stm32f411/stm32f4xx_hal_rng.o
LOAD ./system/src/stm32f411/stm32f4xx_hal_rtc.o
LOAD ./system/src/stm32f411/stm32f4xx_hal_rtc_ex.o
LOAD ./system/src/stm32f411/stm32f4xx_hal_sai.o
LOAD ./system/src/stm32f411/stm32f4xx_hal_sai_ex.o
LOAD ./system/src/stm32f411/stm32f4xx_hal_sd.o
LOAD ./system/src/stm32f411/stm32f4xx_hal_sdram.o
LOAD ./system/src/stm32f411/stm32f4xx_hal_smartcard.o
LOAD ./system/src/stm32f411/stm32f4xx_hal_spdifrx.o
LOAD ./system/src/stm32f411/stm32f4xx_hal_spi.o
LOAD ./system/src/stm32f411/stm32f4xx_hal_sram.o
LOAD ./system/src/stm32f411/stm32f4xx_hal_tim.o
LOAD ./system/src/stm32f411/stm32f4xx_hal_tim_ex.o
LOAD ./system/src/stm32f411/stm32f4xx_hal_uart.o
LOAD ./system/src/stm32f411/stm32f4xx_hal_usart.o
LOAD ./system/src/stm32f411/stm32f4xx_hal_wwdg.o
LOAD ./system/src/stm32f411/stm32f4xx_ll_fmc.o
LOAD ./system/src/stm32f411/stm32f4xx_ll_fsmc.o
LOAD ./system/src/stm32f411/stm32f4xx_ll_sdmmc.o
LOAD ./system/src/stm32f411/stm32f4xx_ll_usb.o
LOAD ./system/src/newlib/_cxx.o
LOAD ./system/src/newlib/_exit.o
LOAD ./system/src/newlib/_sbrk.o
LOAD ./system/src/newlib/_startup.o
LOAD ./system/src/newlib/_syscalls.o
LOAD ./system/src/newlib/assert.o
LOAD ./system/src/diag/Trace.o
LOAD ./system/src/diag/trace_impl.o
LOAD ./system/src/cortexm/_initialize_hardware.o
LOAD ./system/src/cortexm/_reset_hardware.o
LOAD ./system/src/cortexm/exception_handlers.o
LOAD ./system/src/cmsis/startup_stm32f411xe.o
LOAD ./system/src/cmsis/system_stm32f4xx.o
LOAD ./system/src/FreeRTOS/cmsis_os.o
LOAD ./system/src/FreeRTOS/croutine.o
LOAD ./system/src/FreeRTOS/event_groups.o
LOAD ./system/src/FreeRTOS/heap_2.o
LOAD ./system/src/FreeRTOS/list.o
LOAD ./system/src/FreeRTOS/port.o
LOAD ./system/src/FreeRTOS/queue.o
LOAD ./system/src/FreeRTOS/tasks.o
LOAD ./system/src/FreeRTOS/timers.o
LOAD ./src/_write.o
LOAD ./src/freertos.o
LOAD ./src/main.o
LOAD ./src/stm32f4xx_hal_msp.o
LOAD ./src/stm32f4xx_it.o
LOAD /usr/bin/../lib/gcc/arm-none-eabi/4.9.3/../../../../arm-none-eabi/lib/armv7e-m/fpu/libstdc++_nano.a
LOAD /usr/bin/../lib/gcc/arm-none-eabi/4.9.3/../../../../arm-none-eabi/lib/armv7e-m/fpu/libm.a
START GROUP
LOAD /usr/bin/../lib/gcc/arm-none-eabi/4.9.3/armv7e-m/fpu/libgcc.a
LOAD /usr/bin/../lib/gcc/arm-none-eabi/4.9.3/../../../../arm-none-eabi/lib/armv7e-m/fpu/libg_nano.a
LOAD /usr/bin/../lib/gcc/arm-none-eabi/4.9.3/../../../../arm-none-eabi/lib/armv7e-m/fpu/libc_nano.a
END GROUP
START GROUP
LOAD /usr/bin/../lib/gcc/arm-none-eabi/4.9.3/armv7e-m/fpu/libgcc.a
LOAD /usr/bin/../lib/gcc/arm-none-eabi/4.9.3/../../../../arm-none-eabi/lib/armv7e-m/fpu/libc_nano.a
END GROUP
                0x20020000                __stack = (ORIGIN (RAM) + 0x20000)
                0x20020000                _estack = __stack
                0x00000400                __Main_Stack_Size = 0x400
                0x00000400                PROVIDE (_Main_Stack_Size, __Main_Stack_Size)
                0x2001fc00                __Main_Stack_Limit = (__stack - __Main_Stack_Size)
                0x2001fc00                PROVIDE (_Main_Stack_Limit, __Main_Stack_Limit)
                0x00000100                _Minimum_Stack_Size = 0x100
                0x20003e70                PROVIDE (_Heap_Begin, _end_noinit)
                0x2001fc00                PROVIDE (_Heap_Limit, (__stack - __Main_Stack_Size))

.isr_vector     0x08000000      0x3b0
                0x08000000                . = ALIGN (0x4)
 *(.isr_vector)
 .isr_vector    0x08000000      0x198 ./system/src/cmsis/startup_stm32f411xe.o
                0x08000000                g_pfnVectors
 *(.cfmconfig)
 *(.after_vectors .after_vectors.*)
 .after_vectors
                0x08000198      0x114 ./system/src/newlib/_startup.o
                0x08000198                _start
 .after_vectors
                0x080002ac      0x104 ./system/src/cortexm/exception_handlers.o
                0x080002ac                Reset_Handler
                0x080002b4                NMI_Handler
                0x080002b8                HardFault_Handler
                0x080002cc                HardFault_Handler_C
                0x08000300                MemManage_Handler
                0x08000304                BusFault_Handler
                0x08000318                BusFault_Handler_C
                0x0800034c                UsageFault_Handler
                0x08000360                UsageFault_Handler_C
                0x08000398                DebugMon_Handler
                0x080003b0                . = ALIGN (0x4)

.inits          0x080003b0        0x0
                0x080003b0                . = ALIGN (0x4)
 *(.init)
 *(.fini)
                0x080003b0                . = ALIGN (0x4)
                0x080003b0                PROVIDE (__preinit_array_start, .)
 *(.preinit_array_sysinit .preinit_array_sysinit.*)
 *(.preinit_array_platform .preinit_array_platform.*)
 *(.preinit_array .preinit_array.*)
                0x080003b0                PROVIDE (__preinit_array_end, .)
                0x080003b0                . = ALIGN (0x4)
                0x080003b0                PROVIDE (__init_array_start, .)
 *(SORT(.init_array.*))
 *(.init_array)
                0x080003b0                PROVIDE (__init_array_end, .)
                0x080003b0                . = ALIGN (0x4)
                0x080003b0                PROVIDE (__fini_array_start, .)
 *(SORT(.fini_array.*))
 *(.fini_array)
                0x080003b0                PROVIDE (__fini_array_end, .)
                0x080003b0                . = ALIGN (0x4)

.flashtext      0x080003b0        0x0
                0x080003b0                . = ALIGN (0x4)
 *(.flashtext .flashtext.*)
                0x080003b0                . = ALIGN (0x4)

.text           0x080003b0     0x3169
                0x080003b0                . = ALIGN (0x4)
 *(.text .text.*)
 .text.HAL_InitTick
                0x080003b0       0x28 ./system/src/stm32f411/stm32f4xx_hal.o
                0x080003b0                HAL_InitTick
 .text.HAL_Init
                0x080003d8       0x34 ./system/src/stm32f411/stm32f4xx_hal.o
                0x080003d8                HAL_Init
 .text.HAL_IncTick
                0x0800040c       0x10 ./system/src/stm32f411/stm32f4xx_hal.o
                0x0800040c                HAL_IncTick
 .text.HAL_GetTick
                0x0800041c        0xc ./system/src/stm32f411/stm32f4xx_hal.o
                0x0800041c                HAL_GetTick
 .text.HAL_NVIC_SetPriorityGrouping
                0x08000428       0x24 ./system/src/stm32f411/stm32f4xx_hal_cortex.o
                0x08000428                HAL_NVIC_SetPriorityGrouping
 .text.HAL_NVIC_SetPriority
                0x0800044c       0x64 ./system/src/stm32f411/stm32f4xx_hal_cortex.o
                0x0800044c                HAL_NVIC_SetPriority
 .text.HAL_SYSTICK_Config
                0x080004b0       0x2c ./system/src/stm32f411/stm32f4xx_hal_cortex.o
                0x080004b0                HAL_SYSTICK_Config
 .text.HAL_SYSTICK_CLKSourceConfig
                0x080004dc       0x20 ./system/src/stm32f411/stm32f4xx_hal_cortex.o
                0x080004dc                HAL_SYSTICK_CLKSourceConfig
 .text.HAL_GPIO_Init
                0x080004fc      0x1ac ./system/src/stm32f411/stm32f4xx_hal_gpio.o
                0x080004fc                HAL_GPIO_Init
 .text.HAL_GPIO_ReadPin
                0x080006a8       0x10 ./system/src/stm32f411/stm32f4xx_hal_gpio.o
                0x080006a8                HAL_GPIO_ReadPin
 .text.HAL_GPIO_TogglePin
                0x080006b8        0x8 ./system/src/stm32f411/stm32f4xx_hal_gpio.o
                0x080006b8                HAL_GPIO_TogglePin
 .text.HAL_RCC_OscConfig
                0x080006c0      0x3d4 ./system/src/stm32f411/stm32f4xx_hal_rcc.o
                0x080006c0                HAL_RCC_OscConfig
 .text.HAL_RCC_ClockConfig
                0x08000a94      0x268 ./system/src/stm32f411/stm32f4xx_hal_rcc.o
                0x08000a94                HAL_RCC_ClockConfig
 .text.HAL_RCC_GetSysClockFreq
                0x08000cfc       0x98 ./system/src/stm32f411/stm32f4xx_hal_rcc.o
                0x08000cfc                HAL_RCC_GetSysClockFreq
 .text.HAL_RCC_GetHCLKFreq
                0x08000d94       0x38 ./system/src/stm32f411/stm32f4xx_hal_rcc.o
                0x08000d94                HAL_RCC_GetHCLKFreq
 .text._exit    0x08000dcc        0x4 ./system/src/newlib/_exit.o
                0x08000dcc                _exit
 .text._sbrk    0x08000dd0       0x44 ./system/src/newlib/_sbrk.o
                0x08000dd0                _sbrk
 .text.__initialize_args
                0x08000e14       0x10 ./system/src/newlib/_syscalls.o
                0x08000e14                __initialize_args
 .text.trace_printf
                0x08000e24       0x34 ./system/src/diag/Trace.o
                0x08000e24                trace_printf
 .text.trace_write
                0x08000e58        0x8 ./system/src/diag/trace_impl.o
                0x08000e58                trace_write
 .text.__initialize_hardware_early
                0x08000e60       0x1c ./system/src/cortexm/_initialize_hardware.o
                0x08000e60                __initialize_hardware_early
 .text.__initialize_hardware
                0x08000e7c        0x8 ./system/src/cortexm/_initialize_hardware.o
                0x08000e7c                __initialize_hardware
 .text.dumpExceptionStack
                0x08000e84       0xf0 ./system/src/cortexm/exception_handlers.o
                0x08000e84                dumpExceptionStack
 .text.Default_Handler
                0x08000f74        0x2 ./system/src/cmsis/startup_stm32f411xe.o
                0x08000f74                RTC_Alarm_IRQHandler
                0x08000f74                EXTI2_IRQHandler
                0x08000f74                SPI4_IRQHandler
                0x08000f74                TIM1_CC_IRQHandler
                0x08000f74                DMA2_Stream5_IRQHandler
                0x08000f74                DMA1_Stream5_IRQHandler
                0x08000f74                PVD_IRQHandler
                0x08000f74                SDIO_IRQHandler
                0x08000f74                TAMP_STAMP_IRQHandler
                0x08000f74                EXTI3_IRQHandler
                0x08000f74                TIM1_UP_TIM10_IRQHandler
                0x08000f74                I2C3_ER_IRQHandler
                0x08000f74                EXTI0_IRQHandler
                0x08000f74                I2C2_EV_IRQHandler
                0x08000f74                DMA1_Stream2_IRQHandler
                0x08000f74                FPU_IRQHandler
                0x08000f74                DMA2_Stream2_IRQHandler
                0x08000f74                SPI1_IRQHandler
                0x08000f74                TIM1_BRK_TIM9_IRQHandler
                0x08000f74                DMA2_Stream3_IRQHandler
                0x08000f74                USART6_IRQHandler
                0x08000f74                DMA2_Stream0_IRQHandler
                0x08000f74                TIM4_IRQHandler
                0x08000f74                I2C1_EV_IRQHandler
                0x08000f74                DMA1_Stream6_IRQHandler
                0x08000f74                DMA1_Stream1_IRQHandler
                0x08000f74                TIM3_IRQHandler
                0x08000f74                RCC_IRQHandler
                0x08000f74                Default_Handler
                0x08000f74                EXTI15_10_IRQHandler
                0x08000f74                ADC_IRQHandler
                0x08000f74                DMA1_Stream7_IRQHandler
                0x08000f74                SPI5_IRQHandler
                0x08000f74                TIM5_IRQHandler
                0x08000f74                DMA2_Stream7_IRQHandler
                0x08000f74                I2C3_EV_IRQHandler
                0x08000f74                EXTI9_5_IRQHandler
                0x08000f74                RTC_WKUP_IRQHandler
                0x08000f74                SPI2_IRQHandler
                0x08000f74                DMA1_Stream0_IRQHandler
                0x08000f74                EXTI4_IRQHandler
                0x08000f74                WWDG_IRQHandler
                0x08000f74                TIM2_IRQHandler
                0x08000f74                OTG_FS_WKUP_IRQHandler
                0x08000f74                TIM1_TRG_COM_TIM11_IRQHandler
                0x08000f74                EXTI1_IRQHandler
                0x08000f74                USART2_IRQHandler
                0x08000f74                I2C2_ER_IRQHandler
                0x08000f74                DMA2_Stream1_IRQHandler
                0x08000f74                FLASH_IRQHandler
                0x08000f74                DMA2_Stream4_IRQHandler
                0x08000f74                USART1_IRQHandler
                0x08000f74                OTG_FS_IRQHandler
                0x08000f74                SPI3_IRQHandler
                0x08000f74                DMA1_Stream4_IRQHandler
                0x08000f74                I2C1_ER_IRQHandler
                0x08000f74                DMA2_Stream6_IRQHandler
                0x08000f74                DMA1_Stream3_IRQHandler
 *fill*         0x08000f76        0x2 
 .text.SystemInit
                0x08000f78       0x4c ./system/src/cmsis/system_stm32f4xx.o
                0x08000f78                SystemInit
 .text.SystemCoreClockUpdate
                0x08000fc4       0xa0 ./system/src/cmsis/system_stm32f4xx.o
                0x08000fc4                SystemCoreClockUpdate
 .text.makeFreeRtosPriority
                0x08001064        0xc ./system/src/FreeRTOS/cmsis_os.o
 .text.inHandlerMode
                0x08001070        0xc ./system/src/FreeRTOS/cmsis_os.o
 .text.osKernelStart
                0x0800107c        0xc ./system/src/FreeRTOS/cmsis_os.o
                0x0800107c                osKernelStart
 .text.osThreadCreate
                0x08001088       0x3c ./system/src/FreeRTOS/cmsis_os.o
                0x08001088                osThreadCreate
 .text.osThreadTerminate
                0x080010c4        0xc ./system/src/FreeRTOS/cmsis_os.o
                0x080010c4                osThreadTerminate
 .text.osDelay  0x080010d0       0x10 ./system/src/FreeRTOS/cmsis_os.o
                0x080010d0                osDelay
 .text.osSemaphoreCreate
                0x080010e0       0x2c ./system/src/FreeRTOS/cmsis_os.o
                0x080010e0                osSemaphoreCreate
 .text.osSemaphoreWait
                0x0800110c       0x6c ./system/src/FreeRTOS/cmsis_os.o
                0x0800110c                osSemaphoreWait
 .text.osSemaphoreRelease
                0x08001178       0x5c ./system/src/FreeRTOS/cmsis_os.o
                0x08001178                osSemaphoreRelease
 .text.osSystickHandler
                0x080011d4       0x10 ./system/src/FreeRTOS/cmsis_os.o
                0x080011d4                osSystickHandler
 .text.prvHeapInit
                0x080011e4       0x2c ./system/src/FreeRTOS/heap_2.o
 .text.pvPortMalloc
                0x08001210       0xa4 ./system/src/FreeRTOS/heap_2.o
                0x08001210                pvPortMalloc
 .text.vPortFree
                0x080012b4       0x44 ./system/src/FreeRTOS/heap_2.o
                0x080012b4                vPortFree
 .text.vListInitialise
                0x080012f8       0x18 ./system/src/FreeRTOS/list.o
                0x080012f8                vListInitialise
 .text.vListInitialiseItem
                0x08001310        0x8 ./system/src/FreeRTOS/list.o
                0x08001310                vListInitialiseItem
 .text.vListInsertEnd
                0x08001318       0x18 ./system/src/FreeRTOS/list.o
                0x08001318                vListInsertEnd
 .text.vListInsert
                0x08001330       0x34 ./system/src/FreeRTOS/list.o
                0x08001330                vListInsert
 .text.uxListRemove
                0x08001364       0x24 ./system/src/FreeRTOS/list.o
                0x08001364                uxListRemove
 .text.prvTaskExitError
                0x08001388       0x34 ./system/src/FreeRTOS/port.o
 .text.prvPortStartFirstTask
                0x080013bc       0x20 ./system/src/FreeRTOS/port.o
 .text.vPortEnableVFP
                0x080013dc       0x14 ./system/src/FreeRTOS/port.o
 .text.pxPortInitialiseStack
                0x080013f0       0x28 ./system/src/FreeRTOS/port.o
                0x080013f0                pxPortInitialiseStack
 .text.SVC_Handler
                0x08001418       0x20 ./system/src/FreeRTOS/port.o
                0x08001418                SVC_Handler
 .text.vPortEnterCritical
                0x08001438       0x44 ./system/src/FreeRTOS/port.o
                0x08001438                vPortEnterCritical
 .text.vPortExitCritical
                0x0800147c       0x2c ./system/src/FreeRTOS/port.o
                0x0800147c                vPortExitCritical
 .text.PendSV_Handler
                0x080014a8       0x60 ./system/src/FreeRTOS/port.o
                0x080014a8                PendSV_Handler
 .text.xPortSysTickHandler
                0x08001508       0x30 ./system/src/FreeRTOS/port.o
                0x08001508                xPortSysTickHandler
 .text.vPortSetupTimerInterrupt
                0x08001538       0x2c ./system/src/FreeRTOS/port.o
                0x08001538                vPortSetupTimerInterrupt
 .text.xPortStartScheduler
                0x08001564       0xec ./system/src/FreeRTOS/port.o
                0x08001564                xPortStartScheduler
 .text.vPortValidateInterruptPriority
                0x08001650       0x5c ./system/src/FreeRTOS/port.o
                0x08001650                vPortValidateInterruptPriority
 .text.prvIsQueueFull
                0x080016ac       0x20 ./system/src/FreeRTOS/queue.o
 .text.prvIsQueueEmpty
                0x080016cc       0x1c ./system/src/FreeRTOS/queue.o
 .text.prvCopyDataToQueue
                0x080016e8       0x7c ./system/src/FreeRTOS/queue.o
 .text.prvCopyDataFromQueue
                0x08001764       0x24 ./system/src/FreeRTOS/queue.o
 .text.prvUnlockQueue
                0x08001788       0x64 ./system/src/FreeRTOS/queue.o
 .text.xQueueGenericReset
                0x080017ec       0x80 ./system/src/FreeRTOS/queue.o
                0x080017ec                xQueueGenericReset
 .text.xQueueGenericCreate
                0x0800186c       0x68 ./system/src/FreeRTOS/queue.o
                0x0800186c                xQueueGenericCreate
 .text.xQueueCreateCountingSemaphore
                0x080018d4       0x54 ./system/src/FreeRTOS/queue.o
                0x080018d4                xQueueCreateCountingSemaphore
 .text.xQueueGenericSend
                0x08001928      0x184 ./system/src/FreeRTOS/queue.o
                0x08001928                xQueueGenericSend
 .text.xQueueGiveFromISR
                0x08001aac       0xb8 ./system/src/FreeRTOS/queue.o
                0x08001aac                xQueueGiveFromISR
 .text.xQueueGenericReceive
                0x08001b64      0x188 ./system/src/FreeRTOS/queue.o
                0x08001b64                xQueueGenericReceive
 .text.xQueueReceiveFromISR
                0x08001cec       0xa8 ./system/src/FreeRTOS/queue.o
                0x08001cec                xQueueReceiveFromISR
 .text.prvResetNextTaskUnblockTime
                0x08001d94       0x34 ./system/src/FreeRTOS/tasks.o
 .text.prvDeleteTCB
                0x08001dc8       0x14 ./system/src/FreeRTOS/tasks.o
 .text.prvAllocateTCBAndStack
                0x08001ddc       0x3c ./system/src/FreeRTOS/tasks.o
 .text.prvInitialiseTCBVariables
                0x08001e18       0x50 ./system/src/FreeRTOS/tasks.o
 .text.prvInitialiseTaskLists
                0x08001e68       0x64 ./system/src/FreeRTOS/tasks.o
 .text.prvAddCurrentTaskToDelayedList
                0x08001ecc       0x54 ./system/src/FreeRTOS/tasks.o
 .text.xTaskGenericCreate
                0x08001f20      0x130 ./system/src/FreeRTOS/tasks.o
                0x08001f20                xTaskGenericCreate
 .text.vTaskDelete
                0x08002050       0xc8 ./system/src/FreeRTOS/tasks.o
                0x08002050                vTaskDelete
 .text.vTaskStartScheduler
                0x08002118       0x74 ./system/src/FreeRTOS/tasks.o
                0x08002118                vTaskStartScheduler
 .text.vTaskSuspendAll
                0x0800218c       0x10 ./system/src/FreeRTOS/tasks.o
                0x0800218c                vTaskSuspendAll
 .text.xTaskIncrementTick
                0x0800219c      0x128 ./system/src/FreeRTOS/tasks.o
                0x0800219c                xTaskIncrementTick
 .text.xTaskResumeAll
                0x080022c4       0xf8 ./system/src/FreeRTOS/tasks.o
                0x080022c4                xTaskResumeAll
 .text.vTaskDelay
                0x080023bc       0x80 ./system/src/FreeRTOS/tasks.o
                0x080023bc                vTaskDelay
 .text.prvCheckTasksWaitingTermination
                0x0800243c       0x54 ./system/src/FreeRTOS/tasks.o
 .text.prvIdleTask
                0x08002490       0x28 ./system/src/FreeRTOS/tasks.o
 .text.vTaskSwitchContext
                0x080024b8       0x98 ./system/src/FreeRTOS/tasks.o
                0x080024b8                vTaskSwitchContext
 .text.vTaskPlaceOnEventList
                0x08002550       0x70 ./system/src/FreeRTOS/tasks.o
                0x08002550                vTaskPlaceOnEventList
 .text.xTaskRemoveFromEventList
                0x080025c0       0x8c ./system/src/FreeRTOS/tasks.o
                0x080025c0                xTaskRemoveFromEventList
 .text.vTaskSetTimeOutState
                0x0800264c       0x2c ./system/src/FreeRTOS/tasks.o
                0x0800264c                vTaskSetTimeOutState
 .text.xTaskCheckForTimeOut
                0x08002678       0x80 ./system/src/FreeRTOS/tasks.o
                0x08002678                xTaskCheckForTimeOut
 .text.vTaskMissedYield
                0x080026f8        0xc ./system/src/FreeRTOS/tasks.o
                0x080026f8                vTaskMissedYield
 .text.xTaskGetSchedulerState
                0x08002704       0x20 ./system/src/FreeRTOS/tasks.o
                0x08002704                xTaskGetSchedulerState
 .text.vTaskPriorityInherit
                0x08002724       0xa8 ./system/src/FreeRTOS/tasks.o
                0x08002724                vTaskPriorityInherit
 .text.xTaskPriorityDisinherit
                0x080027cc       0xb4 ./system/src/FreeRTOS/tasks.o
                0x080027cc                xTaskPriorityDisinherit
 .text.pvTaskIncrementMutexHeldCount
                0x08002880       0x1c ./system/src/FreeRTOS/tasks.o
                0x08002880                pvTaskIncrementMutexHeldCount
 .text.MX_GPIO_Init
                0x0800289c       0xa8 ./src/main.o
 .text.StartDefaultTask
                0x08002944       0x28 ./src/main.o
                0x08002944                StartDefaultTask
 .text.BlinkTask
                0x0800296c       0x2c ./src/main.o
                0x0800296c                BlinkTask
 .text.SystemClock_Config
                0x08002998       0x94 ./src/main.o
                0x08002998                SystemClock_Config
 .text.main     0x08002a2c       0x74 ./src/main.o
                0x08002a2c                main
 .text.HAL_MspInit
                0x08002aa0       0x18 ./src/stm32f4xx_hal_msp.o
                0x08002aa0                HAL_MspInit
 .text.SysTick_Handler
                0x08002ab8        0xc ./src/stm32f4xx_it.o
                0x08002ab8                SysTick_Handler
 .text.__errno  0x08002ac4        0xc /usr/bin/../lib/gcc/arm-none-eabi/4.9.3/../../../../arm-none-eabi/lib/armv7e-m/fpu/libg_nano.a(lib_a-errno.o)
                0x08002ac4                __errno
 .text.memcpy   0x08002ad0       0x16 /usr/bin/../lib/gcc/arm-none-eabi/4.9.3/../../../../arm-none-eabi/lib/armv7e-m/fpu/libg_nano.a(lib_a-memcpy.o)
                0x08002ad0                memcpy
 .text.memset   0x08002ae6       0x10 /usr/bin/../lib/gcc/arm-none-eabi/4.9.3/../../../../arm-none-eabi/lib/armv7e-m/fpu/libg_nano.a(lib_a-memset.o)
                0x08002ae6                memset
 .text._vsnprintf_r
                0x08002af6       0x52 /usr/bin/../lib/gcc/arm-none-eabi/4.9.3/../../../../arm-none-eabi/lib/armv7e-m/fpu/libg_nano.a(lib_a-vsnprintf.o)
                0x08002af6                _vsnprintf_r
                0x08002af6                _vsniprintf_r
 .text.vsnprintf
                0x08002b48       0x20 /usr/bin/../lib/gcc/arm-none-eabi/4.9.3/../../../../arm-none-eabi/lib/armv7e-m/fpu/libg_nano.a(lib_a-vsnprintf.o)
                0x08002b48                vsnprintf
                0x08002b48                vsniprintf
 .text.__ssputs_r
                0x08002b68       0xb2 /usr/bin/../lib/gcc/arm-none-eabi/4.9.3/../../../../arm-none-eabi/lib/armv7e-m/fpu/libg_nano.a(lib_a-nano-svfprintf.o)
                0x08002b68                __ssputs_r
 *fill*         0x08002c1a        0x2 
 .text._svfprintf_r
                0x08002c1c      0x1e4 /usr/bin/../lib/gcc/arm-none-eabi/4.9.3/../../../../arm-none-eabi/lib/armv7e-m/fpu/libg_nano.a(lib_a-nano-svfprintf.o)
                0x08002c1c                _svfprintf_r
                0x08002c1c                _svfiprintf_r
 .text._printf_common
                0x08002e00       0xea /usr/bin/../lib/gcc/arm-none-eabi/4.9.3/../../../../arm-none-eabi/lib/armv7e-m/fpu/libg_nano.a(lib_a-nano-vfprintf_i.o)
                0x08002e00                _printf_common
 *fill*         0x08002eea        0x2 
 .text._printf_i
                0x08002eec      0x240 /usr/bin/../lib/gcc/arm-none-eabi/4.9.3/../../../../arm-none-eabi/lib/armv7e-m/fpu/libg_nano.a(lib_a-nano-vfprintf_i.o)
                0x08002eec                _printf_i
 .text.memchr   0x0800312c       0x1e /usr/bin/../lib/gcc/arm-none-eabi/4.9.3/../../../../arm-none-eabi/lib/armv7e-m/fpu/libg_nano.a(lib_a-memchr.o)
                0x0800312c                memchr
 .text.memmove  0x0800314a       0x36 /usr/bin/../lib/gcc/arm-none-eabi/4.9.3/../../../../arm-none-eabi/lib/armv7e-m/fpu/libg_nano.a(lib_a-memmove.o)
                0x0800314a                memmove
 .text._free_r  0x08003180       0x88 /usr/bin/../lib/gcc/arm-none-eabi/4.9.3/../../../../arm-none-eabi/lib/armv7e-m/fpu/libg_nano.a(lib_a-nano-freer.o)
                0x08003180                _free_r
 .text._malloc_r
                0x08003208       0xac /usr/bin/../lib/gcc/arm-none-eabi/4.9.3/../../../../arm-none-eabi/lib/armv7e-m/fpu/libg_nano.a(lib_a-nano-mallocr.o)
                0x08003208                _malloc_r
 .text._realloc_r
                0x080032b4       0x4c /usr/bin/../lib/gcc/arm-none-eabi/4.9.3/../../../../arm-none-eabi/lib/armv7e-m/fpu/libg_nano.a(lib_a-nano-reallocr.o)
                0x080032b4                _realloc_r
 .text._sbrk_r  0x08003300       0x20 /usr/bin/../lib/gcc/arm-none-eabi/4.9.3/../../../../arm-none-eabi/lib/armv7e-m/fpu/libg_nano.a(lib_a-sbrkr.o)
                0x08003300                _sbrk_r
 .text._malloc_usable_size_r
                0x08003320       0x14 /usr/bin/../lib/gcc/arm-none-eabi/4.9.3/../../../../arm-none-eabi/lib/armv7e-m/fpu/libg_nano.a(lib_a-nano-msizer.o)
                0x08003320                _malloc_usable_size_r
 *(.rodata .rodata.*)
 .rodata.APBAHBPrescTable
                0x08003334       0x10 ./system/src/stm32f411/stm32f4xx_hal_rcc.o
                0x08003334                APBAHBPrescTable
 .rodata.str1.4
                0x08003344      0x146 ./system/src/cortexm/exception_handlers.o
 *fill*         0x0800348a        0x2 
 .rodata.AHBPrescTable
                0x0800348c       0x10 ./system/src/cmsis/system_stm32f4xx.o
                0x0800348c                AHBPrescTable
 .rodata.str1.4
                0x0800349c        0x5 ./system/src/FreeRTOS/tasks.o
 *fill*         0x080034a1        0x3 
 .rodata        0x080034a4       0x28 ./src/main.o
 .rodata.str1.4
                0x080034cc       0x18 ./src/main.o
 .rodata.str1.1
                0x080034e4        0x2 /usr/bin/../lib/gcc/arm-none-eabi/4.9.3/../../../../arm-none-eabi/lib/armv7e-m/fpu/libg_nano.a(lib_a-impure.o)
 .rodata.str1.1
                0x080034e6       0x11 /usr/bin/../lib/gcc/arm-none-eabi/4.9.3/../../../../arm-none-eabi/lib/armv7e-m/fpu/libg_nano.a(lib_a-nano-svfprintf.o)
 .rodata.str1.1
                0x080034f7       0x22 /usr/bin/../lib/gcc/arm-none-eabi/4.9.3/../../../../arm-none-eabi/lib/armv7e-m/fpu/libg_nano.a(lib_a-nano-vfprintf_i.o)
 *(vtable)
 *(.eh_frame*)
 *(.glue_7)
 .glue_7        0x00000000        0x0 linker stubs
 *(.glue_7t)
 .glue_7t       0x00000000        0x0 linker stubs

.vfp11_veneer   0x0800351c        0x0
 .vfp11_veneer  0x00000000        0x0 linker stubs

.v4_bx          0x0800351c        0x0
 .v4_bx         0x00000000        0x0 linker stubs

.iplt           0x0800351c        0x0
 .iplt          0x00000000        0x0 ./system/src/stm32f411/stm32f4xx_hal.o

.rel.dyn        0x0800351c        0x0
 .rel.iplt      0x00000000        0x0 ./system/src/stm32f411/stm32f4xx_hal.o

.ARM.extab
 *(.ARM.extab* .gnu.linkonce.armextab.*)
                0x0800351c                __exidx_start = .

.ARM.exidx
 *(.ARM.exidx* .gnu.linkonce.armexidx.*)
                0x0800351c                __exidx_end = .
                0x0800351c                . = ALIGN (0x4)
                0x0800351c                _etext = .
                0x0800351c                __etext = .
                0x0800351c                _sidata = _etext

.data           0x20000000       0x80 load address 0x0800351c
                0x20000000                . = ALIGN (0x4)
                0x20000000                _sdata = .
                0x20000000                __data_start__ = .
 *(.data_begin .data_begin.*)
 .data_begin    0x20000000        0x4 ./system/src/newlib/_startup.o
 *(.data .data.*)
 .data.argv.4157
                0x20000004        0x8 ./system/src/newlib/_syscalls.o
 .data.SystemCoreClock
                0x2000000c        0x4 ./system/src/cmsis/system_stm32f4xx.o
                0x2000000c                SystemCoreClock
 .data.xFreeBytesRemaining
                0x20000010        0x4 ./system/src/FreeRTOS/heap_2.o
 .data.uxCriticalNesting
                0x20000014        0x4 ./system/src/FreeRTOS/port.o
 .data.impure_data
                0x20000018       0x60 /usr/bin/../lib/gcc/arm-none-eabi/4.9.3/../../../../arm-none-eabi/lib/armv7e-m/fpu/libg_nano.a(lib_a-impure.o)
 .data._impure_ptr
                0x20000078        0x4 /usr/bin/../lib/gcc/arm-none-eabi/4.9.3/../../../../arm-none-eabi/lib/armv7e-m/fpu/libg_nano.a(lib_a-impure.o)
                0x20000078                _impure_ptr
 *(.data_end .data_end.*)
 .data_end      0x2000007c        0x4 ./system/src/newlib/_startup.o
                0x20000080                . = ALIGN (0x4)
                0x20000080                _edata = .
                0x20000080                __data_end__ = .

.igot.plt       0x20000080        0x0 load address 0x0800359c
 .igot.plt      0x00000000        0x0 ./system/src/stm32f411/stm32f4xx_hal.o

.bss            0x20000080     0x3df0 load address 0x0800359c
                0x20000080                . = ALIGN (0x4)
                0x20000080                __bss_start__ = .
                0x20000080                _sbss = .
 *(.bss_begin .bss_begin.*)
 .bss_begin     0x20000080        0x4 ./system/src/newlib/_startup.o
 *(.bss .bss.*)
 .bss.uwTick    0x20000084        0x4 ./system/src/stm32f411/stm32f4xx_hal.o
 .bss.current_heap_end.3862
                0x20000088        0x4 ./system/src/newlib/_sbrk.o
 .bss.name.4156
                0x2000008c        0x1 ./system/src/newlib/_syscalls.o
 *fill*         0x2000008d        0x3 
 .bss.buf.4998  0x20000090       0x80 ./system/src/diag/Trace.o
 .bss.xHeapHasBeenInitialised.4540
                0x20000110        0x4 ./system/src/FreeRTOS/heap_2.o
 .bss.xStart    0x20000114        0x8 ./system/src/FreeRTOS/heap_2.o
 .bss.ucHeap    0x2000011c     0x3c00 ./system/src/FreeRTOS/heap_2.o
 .bss.xEnd      0x20003d1c        0x8 ./system/src/FreeRTOS/heap_2.o
 .bss.ucMaxSysCallPriority
                0x20003d24        0x1 ./system/src/FreeRTOS/port.o
 *fill*         0x20003d25        0x3 
 .bss.ulMaxPRIGROUPValue
                0x20003d28        0x4 ./system/src/FreeRTOS/port.o
 .bss.pxDelayedTaskList
                0x20003d2c        0x4 ./system/src/FreeRTOS/tasks.o
 .bss.xSchedulerRunning
                0x20003d30        0x4 ./system/src/FreeRTOS/tasks.o
 .bss.uxTasksDeleted
                0x20003d34        0x4 ./system/src/FreeRTOS/tasks.o
 .bss.xTasksWaitingTermination
                0x20003d38       0x14 ./system/src/FreeRTOS/tasks.o
 .bss.pxOverflowDelayedTaskList
                0x20003d4c        0x4 ./system/src/FreeRTOS/tasks.o
 .bss.uxPendedTicks
                0x20003d50        0x4 ./system/src/FreeRTOS/tasks.o
 .bss.pxReadyTasksLists
                0x20003d54       0x8c ./system/src/FreeRTOS/tasks.o
 .bss.uxSchedulerSuspended
                0x20003de0        0x4 ./system/src/FreeRTOS/tasks.o
 .bss.uxCurrentNumberOfTasks
                0x20003de4        0x4 ./system/src/FreeRTOS/tasks.o
 .bss.pxCurrentTCB
                0x20003de8        0x4 ./system/src/FreeRTOS/tasks.o
                0x20003de8                pxCurrentTCB
 .bss.xPendingReadyList
                0x20003dec       0x14 ./system/src/FreeRTOS/tasks.o
 .bss.xNumOfOverflows
                0x20003e00        0x4 ./system/src/FreeRTOS/tasks.o
 .bss.xTickCount
                0x20003e04        0x4 ./system/src/FreeRTOS/tasks.o
 .bss.xNextTaskUnblockTime
                0x20003e08        0x4 ./system/src/FreeRTOS/tasks.o
 .bss.uxTaskNumber
                0x20003e0c        0x4 ./system/src/FreeRTOS/tasks.o
 .bss.xDelayedTaskList1
                0x20003e10       0x14 ./system/src/FreeRTOS/tasks.o
 .bss.xDelayedTaskList2
                0x20003e24       0x14 ./system/src/FreeRTOS/tasks.o
 .bss.xSuspendedTaskList
                0x20003e38       0x14 ./system/src/FreeRTOS/tasks.o
 .bss.uxTopReadyPriority
                0x20003e4c        0x4 ./system/src/FreeRTOS/tasks.o
 .bss.xYieldPending
                0x20003e50        0x4 ./system/src/FreeRTOS/tasks.o
 .bss.__malloc_sbrk_start
                0x20003e54        0x4 /usr/bin/../lib/gcc/arm-none-eabi/4.9.3/../../../../arm-none-eabi/lib/armv7e-m/fpu/libg_nano.a(lib_a-nano-mallocr.o)
                0x20003e54                __malloc_sbrk_start
 .bss.__malloc_free_list
                0x20003e58        0x4 /usr/bin/../lib/gcc/arm-none-eabi/4.9.3/../../../../arm-none-eabi/lib/armv7e-m/fpu/libg_nano.a(lib_a-nano-mallocr.o)
                0x20003e58                __malloc_free_list
 *(COMMON)
 COMMON         0x20003e5c        0x4 ./system/src/newlib/_syscalls.o
                0x20003e5c                errno
 COMMON         0x20003e60        0xc ./src/main.o
                0x20003e60                defaultTaskHandle
                0x20003e64                blinkTaskHandle
                0x20003e68                semHandle
 *(.bss_end .bss_end.*)
 .bss_end       0x20003e6c        0x4 ./system/src/newlib/_startup.o
                0x20003e70                . = ALIGN (0x4)
                0x20003e70                __bss_end__ = .
                0x20003e70                _ebss = .

.noinit         0x20003e70        0x0
                0x20003e70                . = ALIGN (0x4)
                0x20003e70                _noinit = .
 *(.noinit .noinit.*)
                0x20003e70                . = ALIGN (0x4)
                0x20003e70                _end_noinit = .
                0x20003e70                PROVIDE (end, _end_noinit)
                0x20003e70                PROVIDE (_end, _end_noinit)
                0x20003e70                PROVIDE (__end, _end_noinit)
                0x20003e70                PROVIDE (__end__, _end_noinit)

._check_stack   0x20003e70      0x100 load address 0x0800738c
                0x20003e70                . = ALIGN (0x4)
                0x20003f70                . = (. + _Minimum_Stack_Size)
 *fill*         0x20003e70      0x100 
                0x20003f70                . = ALIGN (0x4)

.bss_CCMRAM
 *(.bss.CCMRAM .bss.CCMRAM.*)

.b1text
 *(.b1text)
 *(.b1rodata)
 *(.b1rodata.*)

.eb0text
 *(.eb0text)
 *(.eb0rodata)
 *(.eb0rodata.*)

.eb1text
 *(.eb1text)
 *(.eb1rodata)
 *(.eb1rodata.*)

.eb2text
 *(.eb2text)
 *(.eb2rodata)
 *(.eb2rodata.*)

.eb3text
 *(.eb3text)
 *(.eb3rodata)
 *(.eb3rodata.*)

.stab
 *(.stab)

.stabstr
 *(.stabstr)

.stab.excl
 *(.stab.excl)

.stab.exclstr
 *(.stab.exclstr)

.stab.index
 *(.stab.index)

.stab.indexstr
 *(.stab.indexstr)

.comment        0x00000000       0x70
 *(.comment)
 .comment       0x00000000       0x70 ./system/src/stm32f411/stm32f4xx_hal.o
                                 0x71 (size before relaxing)
 .comment       0x00000000       0x71 ./system/src/stm32f411/stm32f4xx_hal_cortex.o
 .comment       0x00000000       0x71 ./system/src/stm32f411/stm32f4xx_hal_gpio.o
 .comment       0x00000000       0x71 ./system/src/stm32f411/stm32f4xx_hal_rcc.o
 .comment       0x00000000       0x71 ./system/src/newlib/_exit.o
 .comment       0x00000000       0x71 ./system/src/newlib/_sbrk.o
 .comment       0x00000000       0x71 ./system/src/newlib/_startup.o
 .comment       0x00000000       0x71 ./system/src/newlib/_syscalls.o
 .comment       0x00000000       0x71 ./system/src/diag/Trace.o
 .comment       0x00000000       0x71 ./system/src/diag/trace_impl.o
 .comment       0x00000000       0x71 ./system/src/cortexm/_initialize_hardware.o
 .comment       0x00000000       0x71 ./system/src/cortexm/exception_handlers.o
 .comment       0x00000000       0x71 ./system/src/cmsis/system_stm32f4xx.o
 .comment       0x00000000       0x71 ./system/src/FreeRTOS/cmsis_os.o
 .comment       0x00000000       0x71 ./system/src/FreeRTOS/heap_2.o
 .comment       0x00000000       0x71 ./system/src/FreeRTOS/list.o
 .comment       0x00000000       0x71 ./system/src/FreeRTOS/port.o
 .comment       0x00000000       0x71 ./system/src/FreeRTOS/queue.o
 .comment       0x00000000       0x71 ./system/src/FreeRTOS/tasks.o
 .comment       0x00000000       0x71 ./src/main.o
 .comment       0x00000000       0x71 ./src/stm32f4xx_hal_msp.o
 .comment       0x00000000       0x71 ./src/stm32f4xx_it.o

.ARM.attributes
                0x00000000       0x37
 .ARM.attributes
                0x00000000       0x39 ./system/src/stm32f411/stm32f4xx_hal.o
 .ARM.attributes
                0x00000039       0x39 ./system/src/stm32f411/stm32f4xx_hal_cortex.o
 .ARM.attributes
                0x00000072       0x39 ./system/src/stm32f411/stm32f4xx_hal_gpio.o
 .ARM.attributes
                0x000000ab       0x39 ./system/src/stm32f411/stm32f4xx_hal_rcc.o
 .ARM.attributes
                0x000000e4       0x39 ./system/src/newlib/_exit.o
 .ARM.attributes
                0x0000011d       0x39 ./system/src/newlib/_sbrk.o
 .ARM.attributes
                0x00000156       0x39 ./system/src/newlib/_startup.o
 .ARM.attributes
                0x0000018f       0x39 ./system/src/newlib/_syscalls.o
 .ARM.attributes
                0x000001c8       0x39 ./system/src/diag/Trace.o
 .ARM.attributes
                0x00000201       0x39 ./system/src/diag/trace_impl.o
 .ARM.attributes
                0x0000023a       0x39 ./system/src/cortexm/_initialize_hardware.o
 .ARM.attributes
                0x00000273       0x39 ./system/src/cortexm/exception_handlers.o
 .ARM.attributes
                0x000002ac       0x21 ./system/src/cmsis/startup_stm32f411xe.o
 .ARM.attributes
                0x000002cd       0x39 ./system/src/cmsis/system_stm32f4xx.o
 .ARM.attributes
                0x00000306       0x39 ./system/src/FreeRTOS/cmsis_os.o
 .ARM.attributes
                0x0000033f       0x39 ./system/src/FreeRTOS/heap_2.o
 .ARM.attributes
                0x00000378       0x39 ./system/src/FreeRTOS/list.o
 .ARM.attributes
                0x000003b1       0x39 ./system/src/FreeRTOS/port.o
 .ARM.attributes
                0x000003ea       0x39 ./system/src/FreeRTOS/queue.o
 .ARM.attributes
                0x00000423       0x39 ./system/src/FreeRTOS/tasks.o
 .ARM.attributes
                0x0000045c       0x39 ./src/main.o
 .ARM.attributes
                0x00000495       0x39 ./src/stm32f4xx_hal_msp.o
 .ARM.attributes
                0x000004ce       0x39 ./src/stm32f4xx_it.o
 .ARM.attributes
                0x00000507       0x34 /usr/bin/../lib/gcc/arm-none-eabi/4.9.3/../../../../arm-none-eabi/lib/armv7e-m/fpu/libg_nano.a(lib_a-errno.o)
 .ARM.attributes
                0x0000053b       0x34 /usr/bin/../lib/gcc/arm-none-eabi/4.9.3/../../../../arm-none-eabi/lib/armv7e-m/fpu/libg_nano.a(lib_a-impure.o)
 .ARM.attributes
                0x0000056f       0x34 /usr/bin/../lib/gcc/arm-none-eabi/4.9.3/../../../../arm-none-eabi/lib/armv7e-m/fpu/libg_nano.a(lib_a-memcpy.o)
 .ARM.attributes
                0x000005a3       0x34 /usr/bin/../lib/gcc/arm-none-eabi/4.9.3/../../../../arm-none-eabi/lib/armv7e-m/fpu/libg_nano.a(lib_a-memset.o)
 .ARM.attributes
                0x000005d7       0x34 /usr/bin/../lib/gcc/arm-none-eabi/4.9.3/../../../../arm-none-eabi/lib/armv7e-m/fpu/libg_nano.a(lib_a-vsnprintf.o)
 .ARM.attributes
                0x0000060b       0x34 /usr/bin/../lib/gcc/arm-none-eabi/4.9.3/../../../../arm-none-eabi/lib/armv7e-m/fpu/libg_nano.a(lib_a-nano-svfprintf.o)
 .ARM.attributes
                0x0000063f       0x34 /usr/bin/../lib/gcc/arm-none-eabi/4.9.3/../../../../arm-none-eabi/lib/armv7e-m/fpu/libg_nano.a(lib_a-nano-vfprintf_i.o)
 .ARM.attributes
                0x00000673       0x34 /usr/bin/../lib/gcc/arm-none-eabi/4.9.3/../../../../arm-none-eabi/lib/armv7e-m/fpu/libg_nano.a(lib_a-memchr.o)
 .ARM.attributes
                0x000006a7       0x34 /usr/bin/../lib/gcc/arm-none-eabi/4.9.3/../../../../arm-none-eabi/lib/armv7e-m/fpu/libg_nano.a(lib_a-memmove.o)
 .ARM.attributes
                0x000006db       0x34 /usr/bin/../lib/gcc/arm-none-eabi/4.9.3/../../../../arm-none-eabi/lib/armv7e-m/fpu/libg_nano.a(lib_a-nano-freer.o)
 .ARM.attributes
                0x0000070f       0x34 /usr/bin/../lib/gcc/arm-none-eabi/4.9.3/../../../../arm-none-eabi/lib/armv7e-m/fpu/libg_nano.a(lib_a-nano-mallocr.o)
 .ARM.attributes
                0x00000743       0x34 /usr/bin/../lib/gcc/arm-none-eabi/4.9.3/../../../../arm-none-eabi/lib/armv7e-m/fpu/libg_nano.a(lib_a-nano-reallocr.o)
 .ARM.attributes
                0x00000777       0x34 /usr/bin/../lib/gcc/arm-none-eabi/4.9.3/../../../../arm-none-eabi/lib/armv7e-m/fpu/libg_nano.a(lib_a-sbrkr.o)
 .ARM.attributes
                0x000007ab       0x34 /usr/bin/../lib/gcc/arm-none-eabi/4.9.3/../../../../arm-none-eabi/lib/armv7e-m/fpu/libg_nano.a(lib_a-nano-msizer.o)

.debug
 *(.debug)

.line
 *(.line)

.debug_srcinfo
 *(.debug_srcinfo)

.debug_sfnames
 *(.debug_sfnames)

.debug_aranges  0x00000000      0x9d8
 *(.debug_aranges)
 .debug_aranges
                0x00000000       0xc0 ./system/src/stm32f411/stm32f4xx_hal.o
 .debug_aranges
                0x000000c0       0x90 ./system/src/stm32f411/stm32f4xx_hal_cortex.o
 .debug_aranges
                0x00000150       0x58 ./system/src/stm32f411/stm32f4xx_hal_gpio.o
 .debug_aranges
                0x000001a8       0x88 ./system/src/stm32f411/stm32f4xx_hal_rcc.o
 .debug_aranges
                0x00000230       0x28 ./system/src/newlib/_exit.o
 .debug_aranges
                0x00000258       0x20 ./system/src/newlib/_sbrk.o
 .debug_aranges
                0x00000278       0x40 ./system/src/newlib/_startup.o
 .debug_aranges
                0x000002b8       0x30 ./system/src/newlib/_syscalls.o
 .debug_aranges
                0x000002e8       0x38 ./system/src/diag/Trace.o
 .debug_aranges
                0x00000320       0x28 ./system/src/diag/trace_impl.o
 .debug_aranges
                0x00000348       0x28 ./system/src/cortexm/_initialize_hardware.o
 .debug_aranges
                0x00000370       0x88 ./system/src/cortexm/exception_handlers.o
 .debug_aranges
                0x000003f8       0x28 ./system/src/cmsis/startup_stm32f411xe.o
 .debug_aranges
                0x00000420       0x28 ./system/src/cmsis/system_stm32f4xx.o
 .debug_aranges
                0x00000448      0x170 ./system/src/FreeRTOS/cmsis_os.o
 .debug_aranges
                0x000005b8       0x40 ./system/src/FreeRTOS/heap_2.o
 .debug_aranges
                0x000005f8       0x40 ./system/src/FreeRTOS/list.o
 .debug_aranges
                0x00000638       0x80 ./system/src/FreeRTOS/port.o
 .debug_aranges
                0x000006b8       0xf8 ./system/src/FreeRTOS/queue.o
 .debug_aranges
                0x000007b0      0x1a8 ./system/src/FreeRTOS/tasks.o
 .debug_aranges
                0x00000958       0x40 ./src/main.o
 .debug_aranges
                0x00000998       0x20 ./src/stm32f4xx_hal_msp.o
 .debug_aranges
                0x000009b8       0x20 ./src/stm32f4xx_it.o

.debug_pubnames
 *(.debug_pubnames)

.debug_info     0x00000000     0xb6fb
 *(.debug_info .gnu.linkonce.wi.*)
 .debug_info    0x00000000      0x918 ./system/src/stm32f411/stm32f4xx_hal.o
 .debug_info    0x00000918      0xc45 ./system/src/stm32f411/stm32f4xx_hal_cortex.o
 .debug_info    0x0000155d      0x6f2 ./system/src/stm32f411/stm32f4xx_hal_gpio.o
 .debug_info    0x00001c4f     0x104c ./system/src/stm32f411/stm32f4xx_hal_rcc.o
 .debug_info    0x00002c9b      0x100 ./system/src/newlib/_exit.o
 .debug_info    0x00002d9b      0x125 ./system/src/newlib/_sbrk.o
 .debug_info    0x00002ec0      0x474 ./system/src/newlib/_startup.o
 .debug_info    0x00003334      0x1a9 ./system/src/newlib/_syscalls.o
 .debug_info    0x000034dd      0x32b ./system/src/diag/Trace.o
 .debug_info    0x00003808      0x114 ./system/src/diag/trace_impl.o
 .debug_info    0x0000391c      0x289 ./system/src/cortexm/_initialize_hardware.o
 .debug_info    0x00003ba5      0x7bb ./system/src/cortexm/exception_handlers.o
 .debug_info    0x00004360       0x75 ./system/src/cmsis/startup_stm32f411xe.o
 .debug_info    0x000043d5      0x481 ./system/src/cmsis/system_stm32f4xx.o
 .debug_info    0x00004856     0x16f0 ./system/src/FreeRTOS/cmsis_os.o
 .debug_info    0x00005f46      0x314 ./system/src/FreeRTOS/heap_2.o
 .debug_info    0x0000625a      0x29a ./system/src/FreeRTOS/list.o
 .debug_info    0x000064f4      0x542 ./system/src/FreeRTOS/port.o
 .debug_info    0x00006a36     0x18d0 ./system/src/FreeRTOS/queue.o
 .debug_info    0x00008306     0x24e2 ./system/src/FreeRTOS/tasks.o
 .debug_info    0x0000a7e8      0xb80 ./src/main.o
 .debug_info    0x0000b368      0x2bb ./src/stm32f4xx_hal_msp.o
 .debug_info    0x0000b623       0xd8 ./src/stm32f4xx_it.o

.debug_abbrev   0x00000000     0x25a0
 *(.debug_abbrev)
 .debug_abbrev  0x00000000      0x2a0 ./system/src/stm32f411/stm32f4xx_hal.o
 .debug_abbrev  0x000002a0      0x2aa ./system/src/stm32f411/stm32f4xx_hal_cortex.o
 .debug_abbrev  0x0000054a      0x1cb ./system/src/stm32f411/stm32f4xx_hal_gpio.o
 .debug_abbrev  0x00000715      0x2b9 ./system/src/stm32f411/stm32f4xx_hal_rcc.o
 .debug_abbrev  0x000009ce       0xa4 ./system/src/newlib/_exit.o
 .debug_abbrev  0x00000a72       0xbb ./system/src/newlib/_sbrk.o
 .debug_abbrev  0x00000b2d      0x1e9 ./system/src/newlib/_startup.o
 .debug_abbrev  0x00000d16       0xe7 ./system/src/newlib/_syscalls.o
 .debug_abbrev  0x00000dfd      0x178 ./system/src/diag/Trace.o
 .debug_abbrev  0x00000f75       0xb4 ./system/src/diag/trace_impl.o
 .debug_abbrev  0x00001029       0xd9 ./system/src/cortexm/_initialize_hardware.o
 .debug_abbrev  0x00001102      0x1d6 ./system/src/cortexm/exception_handlers.o
 .debug_abbrev  0x000012d8       0x12 ./system/src/cmsis/startup_stm32f411xe.o
 .debug_abbrev  0x000012ea      0x104 ./system/src/cmsis/system_stm32f4xx.o
 .debug_abbrev  0x000013ee      0x38b ./system/src/FreeRTOS/cmsis_os.o
 .debug_abbrev  0x00001779      0x1b3 ./system/src/FreeRTOS/heap_2.o
 .debug_abbrev  0x0000192c       0xdf ./system/src/FreeRTOS/list.o
 .debug_abbrev  0x00001a0b      0x223 ./system/src/FreeRTOS/port.o
 .debug_abbrev  0x00001c2e      0x2c0 ./system/src/FreeRTOS/queue.o
 .debug_abbrev  0x00001eee      0x316 ./system/src/FreeRTOS/tasks.o
 .debug_abbrev  0x00002204      0x232 ./src/main.o
 .debug_abbrev  0x00002436       0xd1 ./src/stm32f4xx_hal_msp.o
 .debug_abbrev  0x00002507       0x99 ./src/stm32f4xx_it.o

.debug_line     0x00000000     0x614d
 *(.debug_line)
 .debug_line    0x00000000      0x5ca ./system/src/stm32f411/stm32f4xx_hal.o
 .debug_line    0x000005ca      0x5ca ./system/src/stm32f411/stm32f4xx_hal_cortex.o
 .debug_line    0x00000b94      0x58d ./system/src/stm32f411/stm32f4xx_hal_gpio.o
 .debug_line    0x00001121      0x7bb ./system/src/stm32f411/stm32f4xx_hal_rcc.o
 .debug_line    0x000018dc      0x1fe ./system/src/newlib/_exit.o
 .debug_line    0x00001ada      0x1a1 ./system/src/newlib/_sbrk.o
 .debug_line    0x00001c7b      0x25f ./system/src/newlib/_startup.o
 .debug_line    0x00001eda      0x2a6 ./system/src/newlib/_syscalls.o
 .debug_line    0x00002180      0x259 ./system/src/diag/Trace.o
 .debug_line    0x000023d9      0x280 ./system/src/diag/trace_impl.o
 .debug_line    0x00002659      0x14b ./system/src/cortexm/_initialize_hardware.o
 .debug_line    0x000027a4      0x37b ./system/src/cortexm/exception_handlers.o
 .debug_line    0x00002b1f       0x88 ./system/src/cmsis/startup_stm32f411xe.o
 .debug_line    0x00002ba7      0x159 ./system/src/cmsis/system_stm32f4xx.o
 .debug_line    0x00002d00      0x728 ./system/src/FreeRTOS/cmsis_os.o
 .debug_line    0x00003428      0x2f8 ./system/src/FreeRTOS/heap_2.o
 .debug_line    0x00003720      0x2c1 ./system/src/FreeRTOS/list.o
 .debug_line    0x000039e1      0x30b ./system/src/FreeRTOS/port.o
 .debug_line    0x00003cec      0x913 ./system/src/FreeRTOS/queue.o
 .debug_line    0x000045ff      0xc4b ./system/src/FreeRTOS/tasks.o
 .debug_line    0x0000524a      0x5a5 ./src/main.o
 .debug_line    0x000057ef      0x432 ./src/stm32f4xx_hal_msp.o
 .debug_line    0x00005c21      0x52c ./src/stm32f4xx_it.o

.debug_frame    0x00000000     0x19f4
 *(.debug_frame)
 .debug_frame   0x00000000      0x188 ./system/src/stm32f411/stm32f4xx_hal.o
 .debug_frame   0x00000188      0x128 ./system/src/stm32f411/stm32f4xx_hal_cortex.o
 .debug_frame   0x000002b0       0xc8 ./system/src/stm32f411/stm32f4xx_hal_gpio.o
 .debug_frame   0x00000378      0x144 ./system/src/stm32f411/stm32f4xx_hal_rcc.o
 .debug_frame   0x000004bc       0x38 ./system/src/newlib/_exit.o
 .debug_frame   0x000004f4       0x28 ./system/src/newlib/_sbrk.o
 .debug_frame   0x0000051c       0x7c ./system/src/newlib/_startup.o
 .debug_frame   0x00000598       0x50 ./system/src/newlib/_syscalls.o
 .debug_frame   0x000005e8       0x94 ./system/src/diag/Trace.o
 .debug_frame   0x0000067c       0x30 ./system/src/diag/trace_impl.o
 .debug_frame   0x000006ac       0x40 ./system/src/cortexm/_initialize_hardware.o
 .debug_frame   0x000006ec      0x144 ./system/src/cortexm/exception_handlers.o
 .debug_frame   0x00000830       0x30 ./system/src/cmsis/system_stm32f4xx.o
 .debug_frame   0x00000860      0x41c ./system/src/FreeRTOS/cmsis_os.o
 .debug_frame   0x00000c7c       0x80 ./system/src/FreeRTOS/heap_2.o
 .debug_frame   0x00000cfc       0x6c ./system/src/FreeRTOS/list.o
 .debug_frame   0x00000d68       0xf0 ./system/src/FreeRTOS/port.o
 .debug_frame   0x00000e58      0x2c4 ./system/src/FreeRTOS/queue.o
 .debug_frame   0x0000111c      0x518 ./system/src/FreeRTOS/tasks.o
 .debug_frame   0x00001634       0xa4 ./src/main.o
 .debug_frame   0x000016d8       0x28 ./src/stm32f4xx_hal_msp.o
 .debug_frame   0x00001700       0x28 ./src/stm32f4xx_it.o
 .debug_frame   0x00001728       0x20 /usr/bin/../lib/gcc/arm-none-eabi/4.9.3/../../../../arm-none-eabi/lib/armv7e-m/fpu/libg_nano.a(lib_a-errno.o)
 .debug_frame   0x00001748       0x28 /usr/bin/../lib/gcc/arm-none-eabi/4.9.3/../../../../arm-none-eabi/lib/armv7e-m/fpu/libg_nano.a(lib_a-memcpy.o)
 .debug_frame   0x00001770       0x20 /usr/bin/../lib/gcc/arm-none-eabi/4.9.3/../../../../arm-none-eabi/lib/armv7e-m/fpu/libg_nano.a(lib_a-memset.o)
 .debug_frame   0x00001790       0x50 /usr/bin/../lib/gcc/arm-none-eabi/4.9.3/../../../../arm-none-eabi/lib/armv7e-m/fpu/libg_nano.a(lib_a-vsnprintf.o)
 .debug_frame   0x000017e0       0x8c /usr/bin/../lib/gcc/arm-none-eabi/4.9.3/../../../../arm-none-eabi/lib/armv7e-m/fpu/libg_nano.a(lib_a-nano-svfprintf.o)
 .debug_frame   0x0000186c       0x58 /usr/bin/../lib/gcc/arm-none-eabi/4.9.3/../../../../arm-none-eabi/lib/armv7e-m/fpu/libg_nano.a(lib_a-nano-vfprintf_i.o)
 .debug_frame   0x000018c4       0x28 /usr/bin/../lib/gcc/arm-none-eabi/4.9.3/../../../../arm-none-eabi/lib/armv7e-m/fpu/libg_nano.a(lib_a-memchr.o)
 .debug_frame   0x000018ec       0x28 /usr/bin/../lib/gcc/arm-none-eabi/4.9.3/../../../../arm-none-eabi/lib/armv7e-m/fpu/libg_nano.a(lib_a-memmove.o)
 .debug_frame   0x00001914       0x2c /usr/bin/../lib/gcc/arm-none-eabi/4.9.3/../../../../arm-none-eabi/lib/armv7e-m/fpu/libg_nano.a(lib_a-nano-freer.o)
 .debug_frame   0x00001940       0x2c /usr/bin/../lib/gcc/arm-none-eabi/4.9.3/../../../../arm-none-eabi/lib/armv7e-m/fpu/libg_nano.a(lib_a-nano-mallocr.o)
 .debug_frame   0x0000196c       0x3c /usr/bin/../lib/gcc/arm-none-eabi/4.9.3/../../../../arm-none-eabi/lib/armv7e-m/fpu/libg_nano.a(lib_a-nano-reallocr.o)
 .debug_frame   0x000019a8       0x2c /usr/bin/../lib/gcc/arm-none-eabi/4.9.3/../../../../arm-none-eabi/lib/armv7e-m/fpu/libg_nano.a(lib_a-sbrkr.o)
 .debug_frame   0x000019d4       0x20 /usr/bin/../lib/gcc/arm-none-eabi/4.9.3/../../../../arm-none-eabi/lib/armv7e-m/fpu/libg_nano.a(lib_a-nano-msizer.o)

.debug_str      0x00000000    0x5a7eb
 *(.debug_str)
 .debug_str     0x00000000    0x4f317 ./system/src/stm32f411/stm32f4xx_hal.o
                              0x4f71c (size before relaxing)
 .debug_str     0x0004f317      0x28a ./system/src/stm32f411/stm32f4xx_hal_cortex.o
                              0x4f456 (size before relaxing)
 .debug_str     0x0004f5a1      0x2e8 ./system/src/stm32f411/stm32f4xx_hal_gpio.o
                              0x4f0d1 (size before relaxing)
 .debug_str     0x0004f889      0x391 ./system/src/stm32f411/stm32f4xx_hal_rcc.o
                              0x4f284 (size before relaxing)
 .debug_str     0x0004fc1a      0xeeb ./system/src/newlib/_exit.o
                               0x5e49 (size before relaxing)
 .debug_str     0x00050b05      0x366 ./system/src/newlib/_sbrk.o
                               0x45bb (size before relaxing)
 .debug_str     0x00050e6b      0x266 ./system/src/newlib/_startup.o
                               0x4193 (size before relaxing)
 .debug_str     0x000510d1     0x1174 ./system/src/newlib/_syscalls.o
                               0x65b5 (size before relaxing)
 .debug_str     0x00052245      0x191 ./system/src/diag/Trace.o
                               0x676a (size before relaxing)
 .debug_str     0x000523d6       0x42 ./system/src/diag/trace_impl.o
                              0x28a0c (size before relaxing)
 .debug_str     0x00052418       0x4e ./system/src/cortexm/_initialize_hardware.o
                              0x25f06 (size before relaxing)
 .debug_str     0x00052466      0x1ca ./system/src/cortexm/exception_handlers.o
                              0x29847 (size before relaxing)
 .debug_str     0x00052630       0x65 ./system/src/cmsis/system_stm32f4xx.o
                              0x26374 (size before relaxing)
 .debug_str     0x00052695     0x5e64 ./system/src/FreeRTOS/cmsis_os.o
                               0xb53a (size before relaxing)
 .debug_str     0x000584f9      0x38c ./system/src/FreeRTOS/heap_2.o
                               0x907d (size before relaxing)
 .debug_str     0x00058885      0x129 ./system/src/FreeRTOS/list.o
                               0x8697 (size before relaxing)
 .debug_str     0x000589ae      0x7b4 ./system/src/FreeRTOS/port.o
                               0x71d1 (size before relaxing)
 .debug_str     0x00059162      0x6b3 ./system/src/FreeRTOS/queue.o
                               0xa0fc (size before relaxing)
 .debug_str     0x00059815      0xeac ./system/src/FreeRTOS/tasks.o
                               0xa890 (size before relaxing)
 .debug_str     0x0005a6c1       0xe7 ./src/main.o
                              0x5487b (size before relaxing)
 .debug_str     0x0005a7a8       0x1b ./src/stm32f4xx_hal_msp.o
                              0x4f075 (size before relaxing)
 .debug_str     0x0005a7c3       0x28 ./src/stm32f4xx_it.o
                              0x54199 (size before relaxing)

.debug_loc      0x00000000     0x48b7
 *(.debug_loc)
 .debug_loc     0x00000000       0xb6 ./system/src/stm32f411/stm32f4xx_hal.o
 .debug_loc     0x000000b6      0x4cd ./system/src/stm32f411/stm32f4xx_hal_cortex.o
 .debug_loc     0x00000583      0x38f ./system/src/stm32f411/stm32f4xx_hal_gpio.o
 .debug_loc     0x00000912      0x8db ./system/src/stm32f411/stm32f4xx_hal_rcc.o
 .debug_loc     0x000011ed       0x82 ./system/src/newlib/_sbrk.o
 .debug_loc     0x0000126f      0x265 ./system/src/newlib/_startup.o
 .debug_loc     0x000014d4       0x63 ./system/src/newlib/_syscalls.o
 .debug_loc     0x00001537       0xf7 ./system/src/diag/Trace.o
 .debug_loc     0x0000162e       0x21 ./system/src/diag/trace_impl.o
 .debug_loc     0x0000164f      0x184 ./system/src/cortexm/exception_handlers.o
 .debug_loc     0x000017d3      0x137 ./system/src/cmsis/system_stm32f4xx.o
 .debug_loc     0x0000190a      0xbee ./system/src/FreeRTOS/cmsis_os.o
 .debug_loc     0x000024f8      0x1cc ./system/src/FreeRTOS/heap_2.o
 .debug_loc     0x000026c4       0x65 ./system/src/FreeRTOS/list.o
 .debug_loc     0x00002729       0xa7 ./system/src/FreeRTOS/port.o
 .debug_loc     0x000027d0      0xbb1 ./system/src/FreeRTOS/queue.o
 .debug_loc     0x00003381     0x14f4 ./system/src/FreeRTOS/tasks.o
 .debug_loc     0x00004875       0x42 ./src/main.o

.debug_macinfo
 *(.debug_macinfo)

.debug_weaknames
 *(.debug_weaknames)

.debug_funcnames
 *(.debug_funcnames)

.debug_typenames
 *(.debug_typenames)

.debug_varnames
 *(.debug_varnames)
OUTPUT(ab-firmware.elf elf32-littlearm)

.debug_ranges   0x00000000      0x8b8
 .debug_ranges  0x00000000       0xb0 ./system/src/stm32f411/stm32f4xx_hal.o
 .debug_ranges  0x000000b0       0x80 ./system/src/stm32f411/stm32f4xx_hal_cortex.o
 .debug_ranges  0x00000130       0x48 ./system/src/stm32f411/stm32f4xx_hal_gpio.o
 .debug_ranges  0x00000178       0x78 ./system/src/stm32f411/stm32f4xx_hal_rcc.o
 .debug_ranges  0x000001f0       0x18 ./system/src/newlib/_exit.o
 .debug_ranges  0x00000208       0x10 ./system/src/newlib/_sbrk.o
 .debug_ranges  0x00000218       0x48 ./system/src/newlib/_startup.o
 .debug_ranges  0x00000260       0x20 ./system/src/newlib/_syscalls.o
 .debug_ranges  0x00000280       0x28 ./system/src/diag/Trace.o
 .debug_ranges  0x000002a8       0x18 ./system/src/diag/trace_impl.o
 .debug_ranges  0x000002c0       0x18 ./system/src/cortexm/_initialize_hardware.o
 .debug_ranges  0x000002d8       0x78 ./system/src/cortexm/exception_handlers.o
 .debug_ranges  0x00000350       0x20 ./system/src/cmsis/startup_stm32f411xe.o
 .debug_ranges  0x00000370       0x18 ./system/src/cmsis/system_stm32f4xx.o
 .debug_ranges  0x00000388      0x160 ./system/src/FreeRTOS/cmsis_os.o
 .debug_ranges  0x000004e8       0x30 ./system/src/FreeRTOS/heap_2.o
 .debug_ranges  0x00000518       0x30 ./system/src/FreeRTOS/list.o
 .debug_ranges  0x00000548       0x70 ./system/src/FreeRTOS/port.o
 .debug_ranges  0x000005b8       0xe8 ./system/src/FreeRTOS/queue.o
 .debug_ranges  0x000006a0      0x1c8 ./system/src/FreeRTOS/tasks.o
 .debug_ranges  0x00000868       0x30 ./src/main.o
 .debug_ranges  0x00000898       0x10 ./src/stm32f4xx_hal_msp.o
 .debug_ranges  0x000008a8       0x10 ./src/stm32f4xx_it.o

.debug_macro    0x00000000     0xfa6a
 .debug_macro   0x00000000      0x28f ./system/src/stm32f411/stm32f4xx_hal.o
 .debug_macro   0x0000028f      0x886 ./system/src/stm32f411/stm32f4xx_hal.o
 .debug_macro   0x00000b15      0x19c ./system/src/stm32f411/stm32f4xx_hal.o
 .debug_macro   0x00000cb1       0x2e ./system/src/stm32f411/stm32f4xx_hal.o
 .debug_macro   0x00000cdf       0x28 ./system/src/stm32f411/stm32f4xx_hal.o
 .debug_macro   0x00000d07       0x3b ./system/src/stm32f411/stm32f4xx_hal.o
 .debug_macro   0x00000d42      0x34e ./system/src/stm32f411/stm32f4xx_hal.o
 .debug_macro   0x00001090       0x2d ./system/src/stm32f411/stm32f4xx_hal.o
 .debug_macro   0x000010bd       0x26 ./system/src/stm32f411/stm32f4xx_hal.o
 .debug_macro   0x000010e3      0xd39 ./system/src/stm32f411/stm32f4xx_hal.o
 .debug_macro   0x00001e1c     0x5084 ./system/src/stm32f411/stm32f4xx_hal.o
 .debug_macro   0x00006ea0       0x43 ./system/src/stm32f411/stm32f4xx_hal.o
 .debug_macro   0x00006ee3     0x2bf9 ./system/src/stm32f411/stm32f4xx_hal.o
 .debug_macro   0x00009adc       0x58 ./system/src/stm32f411/stm32f4xx_hal.o
 .debug_macro   0x00009b34       0x22 ./system/src/stm32f411/stm32f4xx_hal.o
 .debug_macro   0x00009b56       0x35 ./system/src/stm32f411/stm32f4xx_hal.o
 .debug_macro   0x00009b8b       0x9c ./system/src/stm32f411/stm32f4xx_hal.o
 .debug_macro   0x00009c27       0x16 ./system/src/stm32f411/stm32f4xx_hal.o
 .debug_macro   0x00009c3d       0x4a ./system/src/stm32f411/stm32f4xx_hal.o
 .debug_macro   0x00009c87       0x97 ./system/src/stm32f411/stm32f4xx_hal.o
 .debug_macro   0x00009d1e      0x27a ./system/src/stm32f411/stm32f4xx_hal.o
 .debug_macro   0x00009f98       0xf6 ./system/src/stm32f411/stm32f4xx_hal.o
 .debug_macro   0x0000a08e       0x10 ./system/src/stm32f411/stm32f4xx_hal.o
 .debug_macro   0x0000a09e       0x52 ./system/src/stm32f411/stm32f4xx_hal.o
 .debug_macro   0x0000a0f0       0x16 ./system/src/stm32f411/stm32f4xx_hal.o
 .debug_macro   0x0000a106       0x43 ./system/src/stm32f411/stm32f4xx_hal.o
 .debug_macro   0x0000a149      0x180 ./system/src/stm32f411/stm32f4xx_hal.o
 .debug_macro   0x0000a2c9       0x10 ./system/src/stm32f411/stm32f4xx_hal.o
 .debug_macro   0x0000a2d9       0x22 ./system/src/stm32f411/stm32f4xx_hal.o
 .debug_macro   0x0000a2fb       0x22 ./system/src/stm32f411/stm32f4xx_hal.o
 .debug_macro   0x0000a31d       0xbe ./system/src/stm32f411/stm32f4xx_hal.o
 .debug_macro   0x0000a3db       0x16 ./system/src/stm32f411/stm32f4xx_hal.o
 .debug_macro   0x0000a3f1      0x197 ./system/src/stm32f411/stm32f4xx_hal.o
 .debug_macro   0x0000a588       0x57 ./system/src/stm32f411/stm32f4xx_hal.o
 .debug_macro   0x0000a5df       0xb2 ./system/src/stm32f411/stm32f4xx_hal.o
 .debug_macro   0x0000a691      0xbb0 ./system/src/stm32f411/stm32f4xx_hal.o
 .debug_macro   0x0000b241      0x11e ./system/src/stm32f411/stm32f4xx_hal.o
 .debug_macro   0x0000b35f      0x11b ./system/src/stm32f411/stm32f4xx_hal.o
 .debug_macro   0x0000b47a       0x27 ./system/src/stm32f411/stm32f4xx_hal.o
 .debug_macro   0x0000b4a1      0x272 ./system/src/stm32f411/stm32f4xx_hal.o
 .debug_macro   0x0000b713       0x5f ./system/src/stm32f411/stm32f4xx_hal.o
 .debug_macro   0x0000b772       0x5d ./system/src/stm32f411/stm32f4xx_hal.o
 .debug_macro   0x0000b7cf      0x13a ./system/src/stm32f411/stm32f4xx_hal.o
 .debug_macro   0x0000b909      0x264 ./system/src/stm32f411/stm32f4xx_hal.o
 .debug_macro   0x0000bb6d       0x2e ./system/src/stm32f411/stm32f4xx_hal.o
 .debug_macro   0x0000bb9b      0x12c ./system/src/stm32f411/stm32f4xx_hal.o
 .debug_macro   0x0000bcc7       0x77 ./system/src/stm32f411/stm32f4xx_hal.o
 .debug_macro   0x0000bd3e       0x90 ./system/src/stm32f411/stm32f4xx_hal.o
 .debug_macro   0x0000bdce      0x11e ./system/src/stm32f411/stm32f4xx_hal.o
 .debug_macro   0x0000beec      0x241 ./system/src/stm32f411/stm32f4xx_hal_cortex.o
 .debug_macro   0x0000c12d      0x279 ./system/src/stm32f411/stm32f4xx_hal_gpio.o
 .debug_macro   0x0000c3a6      0x26b ./system/src/stm32f411/stm32f4xx_hal_rcc.o
 .debug_macro   0x0000c611      0x131 ./system/src/newlib/_exit.o
 .debug_macro   0x0000c742      0x10e ./system/src/newlib/_exit.o
 .debug_macro   0x0000c850       0x86 ./system/src/newlib/_exit.o
 .debug_macro   0x0000c8d6       0x35 ./system/src/newlib/_exit.o
 .debug_macro   0x0000c90b       0xda ./system/src/newlib/_sbrk.o
 .debug_macro   0x0000c9e5       0x19 ./system/src/newlib/_sbrk.o
 .debug_macro   0x0000c9fe      0x16d ./system/src/newlib/_sbrk.o
 .debug_macro   0x0000cb6b       0x10 ./system/src/newlib/_sbrk.o
 .debug_macro   0x0000cb7b      0x23b ./system/src/newlib/_sbrk.o
 .debug_macro   0x0000cdb6       0xe4 ./system/src/newlib/_startup.o
 .debug_macro   0x0000ce9a      0x1ad ./system/src/newlib/_syscalls.o
 .debug_macro   0x0000d047       0x1c ./system/src/newlib/_syscalls.o
 .debug_macro   0x0000d063       0x10 ./system/src/newlib/_syscalls.o
 .debug_macro   0x0000d073       0x10 ./system/src/newlib/_syscalls.o
 .debug_macro   0x0000d083       0x10 ./system/src/newlib/_syscalls.o
 .debug_macro   0x0000d093       0x10 ./system/src/newlib/_syscalls.o
 .debug_macro   0x0000d0a3       0x35 ./system/src/newlib/_syscalls.o
 .debug_macro   0x0000d0d8      0x122 ./system/src/newlib/_syscalls.o
 .debug_macro   0x0000d1fa       0x2e ./system/src/newlib/_syscalls.o
 .debug_macro   0x0000d228       0x82 ./system/src/newlib/_syscalls.o
 .debug_macro   0x0000d2aa       0x2b ./system/src/newlib/_syscalls.o
 .debug_macro   0x0000d2d5      0x118 ./system/src/newlib/_syscalls.o
 .debug_macro   0x0000d3ed      0x13e ./system/src/newlib/_syscalls.o
 .debug_macro   0x0000d52b       0x16 ./system/src/newlib/_syscalls.o
 .debug_macro   0x0000d541      0x15e ./system/src/diag/Trace.o
 .debug_macro   0x0000d69f       0x52 ./system/src/diag/Trace.o
 .debug_macro   0x0000d6f1       0x16 ./system/src/diag/Trace.o
 .debug_macro   0x0000d707      0x158 ./system/src/diag/trace_impl.o
 .debug_macro   0x0000d85f       0x10 ./system/src/diag/trace_impl.o
 .debug_macro   0x0000d86f       0xc8 ./system/src/diag/trace_impl.o
 .debug_macro   0x0000d937       0xbe ./system/src/diag/trace_impl.o
 .debug_macro   0x0000d9f5       0x76 ./system/src/cortexm/_initialize_hardware.o
 .debug_macro   0x0000da6b      0x1a4 ./system/src/cortexm/exception_handlers.o
 .debug_macro   0x0000dc0f       0x22 ./system/src/cortexm/exception_handlers.o
 .debug_macro   0x0000dc31       0x10 ./system/src/cortexm/exception_handlers.o
 .debug_macro   0x0000dc41       0x8d ./system/src/cmsis/system_stm32f4xx.o
 .debug_macro   0x0000dcce      0x187 ./system/src/FreeRTOS/cmsis_os.o
 .debug_macro   0x0000de55       0x16 ./system/src/FreeRTOS/cmsis_os.o
 .debug_macro   0x0000de6b       0xd7 ./system/src/FreeRTOS/cmsis_os.o
 .debug_macro   0x0000df42      0x15d ./system/src/FreeRTOS/cmsis_os.o
 .debug_macro   0x0000e09f       0xe4 ./system/src/FreeRTOS/cmsis_os.o
 .debug_macro   0x0000e183       0x10 ./system/src/FreeRTOS/cmsis_os.o
 .debug_macro   0x0000e193       0x1f ./system/src/FreeRTOS/cmsis_os.o
 .debug_macro   0x0000e1b2      0x3e6 ./system/src/FreeRTOS/cmsis_os.o
 .debug_macro   0x0000e598       0xc0 ./system/src/FreeRTOS/cmsis_os.o
 .debug_macro   0x0000e658       0x9a ./system/src/FreeRTOS/cmsis_os.o
 .debug_macro   0x0000e6f2       0x97 ./system/src/FreeRTOS/cmsis_os.o
 .debug_macro   0x0000e789       0xb0 ./system/src/FreeRTOS/cmsis_os.o
 .debug_macro   0x0000e839       0x85 ./system/src/FreeRTOS/cmsis_os.o
 .debug_macro   0x0000e8be       0x11 ./system/src/FreeRTOS/cmsis_os.o
 .debug_macro   0x0000e8cf       0xc1 ./system/src/FreeRTOS/cmsis_os.o
 .debug_macro   0x0000e990      0x17d ./system/src/FreeRTOS/heap_2.o
 .debug_macro   0x0000eb0d      0x14f ./system/src/FreeRTOS/list.o
 .debug_macro   0x0000ec5c      0x158 ./system/src/FreeRTOS/port.o
 .debug_macro   0x0000edb4      0x1c1 ./system/src/FreeRTOS/queue.o
 .debug_macro   0x0000ef75      0x1fd ./system/src/FreeRTOS/tasks.o
 .debug_macro   0x0000f172       0x16 ./system/src/FreeRTOS/tasks.o
 .debug_macro   0x0000f188      0x2e0 ./src/main.o
 .debug_macro   0x0000f468       0xd7 ./src/main.o
 .debug_macro   0x0000f53f      0x241 ./src/stm32f4xx_hal_msp.o
 .debug_macro   0x0000f780      0x2ea ./src/stm32f4xx_it.o
